// Jest Snapshot v1, https://goo.gl/fbAQLP

exports[`Task does its thiny 1`] = `
<DocumentFragment>
  <div
    class="list-item"
  >
    <input
      aria-label="testTitle"
      id="testId"
      name="testTitle"
      type="text"
      value="testTitle"
    />
  </div>
</DocumentFragment>
`;
